1. reverse 1..5 -> (5 4 3 2 1)
2. range 1..5 -> (1 2 3 4 5)
3. map square 1..5 -> (1 4 9 16 25)
4. filter even 1..5 -> (2 4)
5. contains 4 1..5 -> #t
5. contains 7 1..5 -> #f
6. find 4 1..5 -> 4
7. find 7 1..5 -> nil
8. foldl + 0 1..5 -> 15
8. foldl * 1 1..5 -> 120
9. zip 1..5 1..5 -> ((1 1) (2 2) (3 3) (4 4) (5 5))
10. zip 1..5 1..3 -> ((1 1) (2 2) (3 3))
11. zip 1..3 1..5 -> ((1 1) (2 2) (3 3))
12. length 1..5 -> 5
13. drop 1 1..5 -> (2 3 4 5)
14. take 1 1..5 -> (1)
15. list-ref 1 1..5 -> 1
16. list-ref 5 1..5 -> 5
17. sum 1..5 -> 15
18. product 1..5 -> 120
19. max 1..5 -> 5
20. min 1..5 -> 1
21. gcd 100 8 -> 4
Library tests completed
