1. car -> 1
2. cdr -> (2)
3. cons -> (1 2 3)
4. Deep binding -> (3 4)
5. factorial 10 -> 3628800
6. range 1..10 -> (1 2 3 4 5 6 7 8 9 10)
7. map square over 1..5 -> (1 4 9 16 25)
8. reduce add over 1..10 -> 55
9. reverse 1..10 -> (10 9 8 7 6 5 4 3 2 1)
10. tail-factorial 10 -> 3628800
11. tail-range 1..10 -> (1 2 3 4 5 6 7 8 9 10)
Tests completed

